root@debian:~# docker pull alpine
Using default tag: latest
latest: Pulling from library/alpine
0a8490d0dfd3: Pull complete 
Digest: sha256:dfbd4a3a8ebca874ebd2474f044a0b33600d4523d03b0df76e5c5986cb02d7e8
Status: Downloaded newer image for alpine:latest
root@debian:~# docker system df
TYPE                TOTAL               ACTIVE              SIZE                RECLAIMABLE
Images              1                   0                   3.984 MB            3.984 MB (100%)
Containers          0                   0                   0 B                 0 B
Local Volumes       0                   0                   0 B                 0 B
root@debian:~# docker pull nginx
Using default tag: latest
latest: Pulling from library/nginx
5040bd298390: Pull complete 
333547110842: Pull complete 
4df1e44d2a7a: Pull complete 
Digest: sha256:f2d384a6ca8ada733df555be3edc427f2e5f285ebf468aae940843de8cf74645
Status: Downloaded newer image for nginx:latest
root@debian:~# docker system df
TYPE                TOTAL               ACTIVE              SIZE                RECLAIMABLE
Images              2                   0                   185.8 MB            185.8 MB (100%)
Containers          0                   0                   0 B                 0 B
Local Volumes       0                   0                   0 B                 0 B
root@debian:~# docker run -itd ubuntu
Unable to find image 'ubuntu:latest' locally
latest: Pulling from library/ubuntu
8aec416115fd: Pull complete
695f074e24e3: Pull complete
946d6c48c2a7: Pull complete
bc7277e579f0: Pull complete
2508cbcde94b: Pull complete
Digest: sha256:71cd81252a3563a03ad8daee81047b62ab5d892ebbfbf71cf53415f29c130950
Status: Downloaded newer image for ubuntu:latest
2b554ba3a43dfe775c1da1898ab1de6a967bd04a6aad251e96da65a428ab3c44
root@debian:~# docker system df
TYPE                TOTAL               ACTIVE              SIZE                RECLAIMABLE
Images              3                   1                   315.3 MB            185.8 MB (58%)
Containers          1                   1                   0 B                 0 B
Local Volumes       0                   0                   0 B                 0 B
root@debian:~# docker run -v /mnt/:/ -itd ubuntu
docker: Error response from daemon: invalid bind mount spec "/mnt/:/": invalid volume specification: '/mnt/:/': invalid mount config for type "bind": invalid specification: destination can't be '/'.
See 'docker run --help'.
root@debian:~# docker run -v /mnt/:/data -itd ubuntu
2d983d5509c2c6369449000654f39342a014644f37b9b245118e40e3c2599e05
root@debian:~# docker system df
TYPE                TOTAL               ACTIVE              SIZE                RECLAIMABLE
Images              3                   1                   315.3 MB            185.8 MB (58%)
Containers          2                   2                   0 B                 0 B
Local Volumes       0                   0                   0 B                 0 B
root@debian:~# docker container list
CONTAINER ID        IMAGE               COMMAND             CREATED              STATUS              PORTS               NAMES
2d983d5509c2        ubuntu              "/bin/bash"         18 seconds ago       Up 18 seconds                           kind_bohr
2b554ba3a43d        ubuntu              "/bin/bash"         About a minute ago   Up About a minute                       kind_lumiere


plugin
root@debian:~# docker plugin install --help

Usage:  docker plugin install [OPTIONS] PLUGIN [KEY=VALUE...]

Install a plugin

Options:
      --alias string            Local name for plugin
      --disable                 Do not enable the plugin on install
      --disable-content-trust   Skip image verification (default true)
      --grant-all-permissions   Grant all permissions necessary to run the plugin
      --help                    Print usage
root@debian:~# docker pull vieud/sshfs
Using default tag: latest
^C
root@debian:~# docker pull vieux/sshfs
Using default tag: latest
Error response from daemon: repository vieux/sshfs not found: does not exist or no pull access
root@debian:~# docker plugin install vieus/sshfs:latest DEBUG=1
^C
root@debian:~# docker plugin install vieux/sshfs:latest DEBUG=1
Plugin "vieux/sshfs:latest" is requesting the following privileges:
 - network: [host]
 - device: [/dev/fuse]
 - capabilities: [CAP_SYS_ADMIN]
Do you grant the above permissions? [y/N] y
latest: Pulling from vieux/sshfs
ca06593c3b54: Download complete
Digest: sha256:660b5302a6951aa1c47c3042ca288d16973f236adbd2f77fc5571f164143adf5
Status: Downloaded newer image for vieux/sshfs:latest
Installed plugin vieux/sshfs:latest
