root@debian:~# docker pull alpine
Using default tag: latest
latest: Pulling from library/alpine
0a8490d0dfd3: Pull complete 
Digest: sha256:dfbd4a3a8ebca874ebd2474f044a0b33600d4523d03b0df76e5c5986cb02d7e8
Status: Downloaded newer image for alpine:latest
root@debian:~# docker system df
TYPE                TOTAL               ACTIVE              SIZE                RECLAIMABLE
Images              1                   0                   3.984 MB            3.984 MB (100%)
Containers          0                   0                   0 B                 0 B
Local Volumes       0                   0                   0 B                 0 B
root@debian:~# docker pull nginx
Using default tag: latest
latest: Pulling from library/nginx
5040bd298390: Pull complete 
333547110842: Pull complete 
4df1e44d2a7a: Pull complete 
Digest: sha256:f2d384a6ca8ada733df555be3edc427f2e5f285ebf468aae940843de8cf74645
Status: Downloaded newer image for nginx:latest
root@debian:~# docker system df
TYPE                TOTAL               ACTIVE              SIZE                RECLAIMABLE
Images              2                   0                   185.8 MB            185.8 MB (100%)
Containers          0                   0                   0 B                 0 B
Local Volumes       0                   0                   0 B                 0 B
root@debian:~# docker run -itd ubuntu
Unable to find image 'ubuntu:latest' locally
latest: Pulling from library/ubuntu
8aec416115fd: Pull complete
695f074e24e3: Pull complete
946d6c48c2a7: Pull complete
bc7277e579f0: Pull complete
2508cbcde94b: Pull complete
Digest: sha256:71cd81252a3563a03ad8daee81047b62ab5d892ebbfbf71cf53415f29c130950
Status: Downloaded newer image for ubuntu:latest
2b554ba3a43dfe775c1da1898ab1de6a967bd04a6aad251e96da65a428ab3c44
root@debian:~# docker system df
TYPE                TOTAL               ACTIVE              SIZE                RECLAIMABLE
Images              3                   1                   315.3 MB            185.8 MB (58%)
Containers          1                   1                   0 B                 0 B
Local Volumes       0                   0                   0 B                 0 B
root@debian:~# docker run -v /mnt/:/ -itd ubuntu
docker: Error response from daemon: invalid bind mount spec "/mnt/:/": invalid volume specification: '/mnt/:/': invalid mount config for type "bind": invalid specification: destination can't be '/'.
See 'docker run --help'.
root@debian:~# docker run -v /mnt/:/data -itd ubuntu
2d983d5509c2c6369449000654f39342a014644f37b9b245118e40e3c2599e05
root@debian:~# docker system df
TYPE                TOTAL               ACTIVE              SIZE                RECLAIMABLE
Images              3                   1                   315.3 MB            185.8 MB (58%)
Containers          2                   2                   0 B                 0 B
Local Volumes       0                   0                   0 B                 0 B
root@debian:~# docker container list
CONTAINER ID        IMAGE               COMMAND             CREATED              STATUS              PORTS               NAMES
2d983d5509c2        ubuntu              "/bin/bash"         18 seconds ago       Up 18 seconds                           kind_bohr
2b554ba3a43d        ubuntu              "/bin/bash"         About a minute ago   Up About a minute                       kind_lumiere


plugin
root@debian:~# docker plugin install --help

Usage:  docker plugin install [OPTIONS] PLUGIN [KEY=VALUE...]

Install a plugin

Options:
      --alias string            Local name for plugin
      --disable                 Do not enable the plugin on install
      --disable-content-trust   Skip image verification (default true)
      --grant-all-permissions   Grant all permissions necessary to run the plugin
      --help                    Print usage
root@debian:~# docker pull vieud/sshfs
Using default tag: latest
^C
root@debian:~# docker pull vieux/sshfs
Using default tag: latest
Error response from daemon: repository vieux/sshfs not found: does not exist or no pull access
root@debian:~# docker plugin install vieus/sshfs:latest DEBUG=1
^C
root@debian:~# docker plugin install vieux/sshfs:latest DEBUG=1
Plugin "vieux/sshfs:latest" is requesting the following privileges:
 - network: [host]
 - device: [/dev/fuse]
 - capabilities: [CAP_SYS_ADMIN]
Do you grant the above permissions? [y/N] y
latest: Pulling from vieux/sshfs
ca06593c3b54: Download complete
Digest: sha256:660b5302a6951aa1c47c3042ca288d16973f236adbd2f77fc5571f164143adf5
Status: Downloaded newer image for vieux/sshfs:latest
Installed plugin vieux/sshfs:latest


#stack 

root@debian:~# docker stack --help

Usage:  docker stack COMMAND

Manage Docker stacks

Options:
      --help   Print usage

Commands:
  deploy      Deploy a new stack or update an existing stack
  ls          List stacks
  ps          List the tasks in the stack
  rm          Remove the stack
  services    List the services in the stack

Run 'docker stack COMMAND --help' for more information on a command.

#stack deploy

root@debian:~# docker stack deploy --help

Usage:  docker stack deploy [OPTIONS] STACK

Deploy a new stack or update an existing stack

Aliases:
  deploy, up

Options:
  -c, --compose-file string   Path to a Compose file
      --help                  Print usage
      --with-registry-auth    Send registry authentication details to Swarm agents


root@debian:~# docker service --help
                                                                                                                                                     
Usage:  docker service COMMAND                                                                                                                       
                                                                                                                                                     
Manage services

Options:
      --help   Print usage

Commands:
  create      Create a new service
  inspect     Display detailed information on one or more services
  ls          List services
  ps          List the tasks of a service
  rm          Remove one or more services
  scale       Scale one or multiple replicated services
  update      Update a service

Run 'docker service COMMAND --help' for more information on a command.
root@debian:~# docker service update --help

Usage:  docker service update [OPTIONS] SERVICE

Update a service

Options:
      --args string                      Service command args
      --constraint-add list              Add or update a placement constraint (default [])
      --constraint-rm list               Remove a constraint (default [])
      --container-label-add list         Add or update a container label (default [])
      --container-label-rm list          Remove a container label by its key (default [])
      --dns-add list                     Add or update a custom DNS server (default [])
      --dns-option-add list              Add or update a DNS option (default [])
      --dns-option-rm list               Remove a DNS option (default [])
      --dns-rm list                      Remove a custom DNS server (default [])
      --dns-search-add list              Add or update a custom DNS search domain (default [])
      --dns-search-rm list               Remove a DNS search domain (default [])
      --endpoint-mode string             Endpoint mode (vip or dnsrr)
      --env-add list                     Add or update an environment variable (default [])
      --env-rm list                      Remove an environment variable (default [])
      --force                            Force update even if no changes require it
      --group-add list                   Add an additional supplementary user group to the container (default [])
      --group-rm list                    Remove a previously added supplementary user group from the container (default [])
      --health-cmd string                Command to run to check health
      --health-interval duration         Time between running the check (ns|us|ms|s|m|h) (default none)
      --health-retries int               Consecutive failures needed to report unhealthy
      --health-timeout duration          Maximum time to allow one check to run (ns|us|ms|s|m|h) (default none)
      --help                             Print usage
      --host-add list                    Add or update a custom host-to-IP mapping (host:ip) (default [])
      --host-rm list                     Remove a custom host-to-IP mapping (host:ip) (default [])
      --hostname string                  Container hostname
      --image string                     Service image tag
      --label-add list                   Add or update a service label (default [])
      --label-rm list                    Remove a label by its key (default [])
      --limit-cpu decimal                Limit CPUs (default 0.000)
      --limit-memory bytes               Limit Memory (default 0 B)
      --log-driver string                Logging driver for service
      --log-opt list                     Logging driver options (default [])
      --mount-add mount                  Add or update a mount on a service
      --mount-rm list                    Remove a mount by its target path (default [])
      --no-healthcheck                   Disable any container-specified HEALTHCHECK
      --publish-add port                 Add or update a published port
      --publish-rm port                  Remove a published port by its target port
      --replicas uint                    Number of tasks (default none)
      --reserve-cpu decimal              Reserve CPUs (default 0.000)
      --reserve-memory bytes             Reserve Memory (default 0 B)
      --restart-condition string         Restart when condition is met (none, on-failure, or any)
      --restart-delay duration           Delay between restart attempts (ns|us|ms|s|m|h) (default none)
      --restart-max-attempts uint        Maximum number of restarts before giving up (default none)
      --restart-window duration          Window used to evaluate the restart policy (ns|us|ms|s|m|h) (default none)
      --rollback                         Rollback to previous specification
      --secret-add secret                Add or update a secret on a service
      --secret-rm list                   Remove a secret (default [])
      --stop-grace-period duration       Time to wait before force killing a container (ns|us|ms|s|m|h) (default none)
  -t, --tty                              Allocate a pseudo-TTY
      --update-delay duration            Delay between updates (ns|us|ms|s|m|h) (default 0s)
      --update-failure-action string     Action on update failure (pause|continue) (default "pause")
      --update-max-failure-ratio float   Failure rate to tolerate during an update
      --update-monitor duration          Duration after each task update to monitor for failure (ns|us|ms|s|m|h) (default 0s)
      --update-parallelism uint          Maximum number of tasks updated simultaneously (0 to update all at once) (default 1)
  -u, --user string                      Username or UID (format: <name|uid>[:<group|gid>])
      --with-registry-auth               Send registry authentication details to swarm agents
  -w, --workdir string                   Working directory inside the container
